=== L01_hank (hank, 1.640000s, 97f)
╰───────────────────────────────────────────╯
L01_hank A2V DONE
=== L02_doug (doug, 1.680000s, 97f)
╰───────────────────────────────────────────╯
L02_doug A2V DONE
=== L04_doug (doug, 1.960000s, 97f)
╰───────────────────────────────────────────╯
L04_doug A2V DONE
=== L05_hank (hank, 1.320000s, 97f)
╰───────────────────────────────────────────╯
L05_hank A2V DONE
=== L06_doug (doug, 2.240000s, 97f)
╰───────────────────────────────────────────╯
L06_doug A2V DONE
=== L07_doug (doug, 1.720000s, 97f)
╰───────────────────────────────────────────╯
L07_doug A2V DONE
=== L09_doug (doug, 3.040000s, 97f)
╰───────────────────────────────────────────╯
L09_doug A2V DONE
=== L10_doug (doug, 2.040000s, 97f)
╰───────────────────────────────────────────╯
L10_doug A2V DONE
=== L11_hank (hank, 1.480000s, 97f)
╰───────────────────────────────────────────╯
L11_hank A2V DONE
=== L13_doug (doug, 2.080000s, 97f)
╰───────────────────────────────────────────╯
L13_doug A2V DONE
=== L14_doug (doug, 1.920000s, 97f)
╰───────────────────────────────────────────╯
L14_doug A2V DONE
=== L15_hank (hank, 1.360000s, 97f)
╰───────────────────────────────────────────╯
L15_hank A2V DONE
A2V_BATCH_DONE
