[19:14:44] judge via in-process VL
[19:14:44] === s3_rollout — beat: a horse-drawn wooden wagon moving fast along a dirt road with dust kicking up behind it
[19:14:44]   --stage animate: using the locked still LOCKED_s3_rollout.png
[19:14:44]   LOCKED stills/LOCKED_s3_rollout.png
[mem-gate] restarting ComfyUI to release cached models
[mem-gate] ComfyUI back up
[19:14:57]   bounced ComfyUI so Wan loads into a clean process
[19:14:57]   render backend is back
[19:29:25]   mem-gate: [mem-gate] healthy but 18GB parked in swap — bouncing idle ComfyUI to release it
[19:29:25]   mem-gate: [mem-gate] restarting ComfyUI to release cached models
[19:29:25]   mem-gate: [mem-gate] ComfyUI back up
Fetching 18 files:   0%|          | 0/18 [00:00<?, ?it/s]Fetching 18 files: 100%|██████████| 18/18 [00:00<00:00, 15123.69it/s]
[19:30:25]   clip: beat PASS (5/5)
[19:30:25] === s4_arrival — beat: a bear and a dog standing together in the foreground in front of a smoking broken-down tra
[19:30:25]   --stage animate: using the locked still LOCKED_s4_arrival.png
[19:30:25]   LOCKED stills/LOCKED_s4_arrival.png
[19:30:26]   released the in-process VL judge before handing the GPU to Wan
[mem-gate] restarting ComfyUI to release cached models
[mem-gate] ComfyUI back up
[19:30:39]   bounced ComfyUI so Wan loads into a clean process
[19:30:39]   render backend is back
[19:31:46]   animation failed: [make-video] uploading LOCKED_s4_arrival.png → ComfyUI
[videopipe] queued 5717a919-a787-4f3b-8b83-013a97185d5f
 /3.14.5/Frameworks/Python.framework/Versions/3.14/lib/python3.14/urllib/request.py", line 1324, in do_open
    raise URLError(err)
urllib.error.URLError: <urlopen error [Errno 61] Connection refused>

[19:31:46] === s8_goodbye — beat: a bear and a dog together saying goodbye in warm light with the repaired circus train aliv
[19:31:46]   --stage animate: using the locked still LOCKED_s8_goodbye.png
[19:31:46]   LOCKED stills/LOCKED_s8_goodbye.png
[mem-gate] restarting ComfyUI to release cached models
[mem-gate] ComfyUI back up
[19:32:04]   bounced ComfyUI so Wan loads into a clean process
[19:32:04]   render backend is back
[19:33:07]   animation failed: [make-video] uploading LOCKED_s8_goodbye.png → ComfyUI
[videopipe] queued 47b9f9ff-1663-4035-bd11-d3ac7f994c68
 /3.14.5/Frameworks/Python.framework/Versions/3.14/lib/python3.14/urllib/request.py", line 1324, in do_open
    raise URLError(err)
urllib.error.URLError: <urlopen error [Errno 61] Connection refused>

[19:33:07] status report written → /Users/dtribe/Desktop/PROJECTS/story-forge/projects/circus_train/STATUS.md
[19:33:07] DONE — 3/3 shots produced usable, judged assets
[19:33:07]   s3_rollout: CLIP_KEPT
[19:33:07]   s4_arrival: STILL_LOCKED
[19:33:07]   s8_goodbye: STILL_LOCKED
