=== ellie_eye starting 21:07:51 ===
[21:07:51] === ellie_eye — beat: one large amber elephant eye visible through a narrow vertical gap between dark wooden pla
[21:07:51]   --stage animate: using the locked still LOCKED_ellie_eye.png
[21:08:10]   bounced ComfyUI so Wan loads into a clean process
[21:09:10]   animation failed: [make-video] uploading LOCKED_ellie_eye.png → ComfyUI
=== ellie_eye done 21:09:10 ===
=== s2_thecall starting 21:09:10 ===
[21:09:10] === s2_thecall — beat: a circus train in open country with thick black smoke billowing from its engine, clearly i
[21:09:10]   --stage animate: using the locked still LOCKED_s2_call.png
[21:09:28]   bounced ComfyUI so Wan loads into a clean process
[21:10:41]   animation failed: [make-video] uploading LOCKED_s2_call.png → ComfyUI
=== s2_thecall done 21:10:41 ===
=== s4_arrival starting 21:10:41 ===
[21:10:41] === s4_arrival — beat: a bear and a dog standing together in the foreground in front of a smoking broken-down tra
[21:10:41]   --stage animate: using the locked still LOCKED_s4_arrival.png
[21:11:00]   bounced ComfyUI so Wan loads into a clean process
[21:12:02]   animation failed: [make-video] uploading LOCKED_s4_arrival.png → ComfyUI
=== s4_arrival done 21:12:02 ===
=== s6_interior starting 21:12:02 ===
[21:12:03] === s6_interior — beat: the dark interior of a wooden boxcar with a bright blade of daylight cutting in at the doo
[21:12:03]   --stage animate: using the locked still LOCKED_s6_interior.png
[21:12:21]   bounced ComfyUI so Wan loads into a clean process
