[build-episode] PREFLIGHT — already done, skipping
[build-episode] SONG — already done, skipping
[build-episode] CARDS — already done, skipping
[build-episode] SEGMENTS — already done, skipping
[build-episode] ASSEMBLE — already done, skipping
[build-episode] QC — already done, skipping
[build-episode] ASSEMBLED (NOT VERIFIED) in 0.0 min → /Users/dtribe/Desktop/PROJECTS/story-forge/projects/circus_train/EPISODE_v1.mp4
[build-episode]   QC: DEFECTS — read the _qc.md report
[build-episode]   This film has NOT passed QC. Do not publish or call it done.
[build-episode] NOT INCLUDED (assets missing): s4b_trainwide, t3_giraffe, s6_heave_animated, s7_dooropen, r4_parrots_sky, r5_crowd_wide, c2_ellie_trumpet, s8_goodbye
[build-episode] cut queued to Matt's review tab (auto)
[build-episode] PREFLIGHT — already done, skipping
[build-episode] SONG — already done, skipping
[build-episode] CARDS — already done, skipping
[build-episode] SEGMENTS —
[build-episode]   cleared 27 segment(s) from a previous build
[build-episode]   title: 4.00s
[build-episode]   s1_coldopen: 2.04s
[build-episode]   L01: 1.64s
[build-episode]   L02: 1.68s
[build-episode]   s2_thecall: 5.04s +VO
[build-episode]   s2b_smoke: 3.04s
[build-episode]   L04: 1.96s
[build-episode]   s3_rollout: 5.04s
[build-episode]   s3b_wagonpass: 4.04s
[build-episode]   L05: 1.32s
[build-episode]   L06: 2.24s
[build-episode]   t1_monkey: 2.04s
[build-episode]   t2_lion: 3.04s
[build-episode]   ellie_eye: 5.04s +VO
[build-episode]   L07: 1.72s
[build-episode]   L09: 3.04s
[build-episode]   L10: 2.04s
[build-episode]   s6b_heave_close: 3.04s
[build-episode]   s6_interior: 3.04s
[build-episode]   L11: 1.48s
[build-episode]   r1_monkeys_out: 5.04s
[build-episode]   r2_lion_out: 5.04s
[build-episode]   r3_giraffe_out: 5.04s
[build-episode]   c1_celebration: 3.04s
[build-episode]   L13: 2.08s
[build-episode]   L14: 1.92s
[build-episode]   L15: 1.36s
[build-episode]   credits: 5.00s +VO
[build-episode]   SKIPPED (asset missing): s4b_trainwide, t3_giraffe, s6_heave_animated, s7_dooropen, r4_parrots_sky, r5_crowd_wide, c2_ellie_trumpet, s8_goodbye
[build-episode]   28 segments normalised to 832x480@24
[build-episode] ASSEMBLE —
[build-episode]   cut assembled: 85.1s from 28 segments
[build-episode]   score laid under and ducked: music_bed.wav
[build-episode]   FILM: /Users/dtribe/Desktop/PROJECTS/story-forge/projects/circus_train/EPISODE_v1.mp4  (85.1s)
[build-episode] QC —
[build-episode]   manifest: 15 lines, 14 scenes
[build-episode]   running film_qc (vision + audio judge)…
[build-episode]     [PASS] audio@28.6s: 'Whole train's cooking out here' expected @28.6s, heard on targeted re-listen (2/4 words; full-film transcript had a hole here)
[build-episode]     [PASS] audio@30.0s: 'Easy everybody! The Wild Rescu' expected @30.0s, heard on targeted re-listen (4/4 words; full-film transcript had a hole here)
[build-episode]     [PASS] audio@38.3s: 'I can't, it's too heavy' expected @38.3s, heard on targeted re-listen (1/1 words; full-film transcript had a hole here)
[build-episode]     [PASS] audio@42.3s: 'Pin's jammed tight.' expected @42.3s, heard on targeted re-listen (1/2 words; full-film transcript had a hole here)
[build-episode]     [PASS] audio@44.0s: 'Ellie? It's Doug. One push, gi' expected @44.0s, heard on targeted re-listen (4/4 words; full-film transcript had a hole here)
[build-episode]     [PASS] audio@47.1s: 'Three, two, one, push!' expected @47.1s, heard on targeted re-listen (2/2 words; full-film transcript had a hole here)
[build-episode]     [PASS] audio@55.2s: 'Doors don't argue with bears.' expected @55.2s, heard @49.3s (4/4 words)
[build-episode]     [PASS] audio@74.9s: 'Turtle called dibs on the tank' expected @74.9s, heard @75.0s (4/4 words)
[build-episode]     [PASS] audio@76.9s: 'Anybody, anywhere, any trouble' expected @76.9s, heard @77.2s (3/3 words)
[build-episode]     [PASS] audio@78.9s: 'the Wild Rescue rolls.' expected @78.9s, heard @79.2s (3/3 words)
[build-episode]     [PASS] audio@81.1s: 'Can I get a hat like this?' expected @81.1s, heard @81.2s (2/2 words)
[build-episode]     
[build-episode]     FAIL — 4 defect(s)
[build-episode]     report: /Users/dtribe/Desktop/PROJECTS/story-forge/projects/circus_train/EPISODE_v1_qc.md
[build-episode]   film_qc found DEFECTS — read the report before showing anyone
[build-episode] ASSEMBLED (NOT VERIFIED) in 4.5 min → /Users/dtribe/Desktop/PROJECTS/story-forge/projects/circus_train/EPISODE_v1.mp4
[build-episode]   QC: DEFECTS — read the _qc.md report
[build-episode]   This film has NOT passed QC. Do not publish or call it done.
[build-episode] NOT INCLUDED (assets missing): s4b_trainwide, t3_giraffe, s6_heave_animated, s7_dooropen, r4_parrots_sky, r5_crowd_wide, c2_ellie_trumpet, s8_goodbye
[build-episode] cut queued to Matt's review tab (auto)
[build-episode] PREFLIGHT — already done, skipping
[build-episode] SONG — already done, skipping
[build-episode] CARDS — already done, skipping
[build-episode] SEGMENTS —
[build-episode]   cleared 27 segment(s) from a previous build
[build-episode]   title: 4.00s
[build-episode]   s1_coldopen: 2.04s
[build-episode]   L01: 1.64s
[build-episode]   L02: 1.68s
[build-episode]   s2_thecall: 5.04s +VO
[build-episode]   s2b_smoke: 3.04s
[build-episode]   L04: 1.96s
[build-episode]   s3_rollout: 5.04s
[build-episode]   s3b_wagonpass: 4.04s
[build-episode]   L05: 1.32s
[build-episode]   L06: 2.24s
[build-episode]   t1_monkey: 2.04s
[build-episode]   t2_lion: 3.04s
[build-episode]   ellie_eye: 5.04s +VO
[build-episode]   L07: 1.72s
[build-episode]   L09: 3.04s
[build-episode]   L10: 2.04s
[build-episode]   s6b_heave_close: 3.04s
[build-episode]   s6_interior: 3.04s
[build-episode]   L11: 1.48s
[build-episode]   r1_monkeys_out: 5.04s
[build-episode]   r2_lion_out: 5.04s
[build-episode]   r3_giraffe_out: 5.04s
[build-episode]   c1_celebration: 3.04s
[build-episode]   L13: 2.08s
[build-episode]   L14: 1.92s
[build-episode]   L15: 1.36s
[build-episode]   credits: 5.00s +VO
[build-episode]   SKIPPED (asset missing): s4b_trainwide, t3_giraffe, s6_heave_animated, s7_dooropen, r4_parrots_sky, r5_crowd_wide, c2_ellie_trumpet, s8_goodbye
[build-episode]   28 segments normalised to 832x480@24
[build-episode] ASSEMBLE —
[build-episode]   cut assembled: 85.1s from 28 segments
[build-episode]   score laid under and ducked: music_bed.wav
[build-episode]   FILM: /Users/dtribe/Desktop/PROJECTS/story-forge/projects/circus_train/EPISODE_v1.mp4  (85.1s)
[build-episode] QC —
[build-episode]   manifest: 15 lines, 14 scenes
[build-episode]   running film_qc (vision + audio judge)…
[build-episode]     [PASS] audio@28.6s: 'Whole train's cooking out here' expected @28.6s, heard on targeted re-listen (2/4 words; full-film transcript had a hole here)
[build-episode]     [PASS] audio@30.0s: 'Easy everybody! The Wild Rescu' expected @30.0s, heard on targeted re-listen (4/4 words; full-film transcript had a hole here)
[build-episode]     [PASS] audio@38.3s: 'I can't, it's too heavy' expected @38.3s, heard on targeted re-listen (1/1 words; full-film transcript had a hole here)
[build-episode]     [PASS] audio@42.3s: 'Pin's jammed tight.' expected @42.3s, heard on targeted re-listen (1/2 words; full-film transcript had a hole here)
[build-episode]     [PASS] audio@44.0s: 'Ellie? It's Doug. One push, gi' expected @44.0s, heard on targeted re-listen (4/4 words; full-film transcript had a hole here)
[build-episode]     [PASS] audio@47.1s: 'Three, two, one, push!' expected @47.1s, heard on targeted re-listen (2/2 words; full-film transcript had a hole here)
[build-episode]     [PASS] audio@55.2s: 'Doors don't argue with bears.' expected @55.2s, heard @49.3s (4/4 words)
[build-episode]     [PASS] audio@74.9s: 'Turtle called dibs on the tank' expected @74.9s, heard @75.0s (4/4 words)
[build-episode]     [PASS] audio@76.9s: 'Anybody, anywhere, any trouble' expected @76.9s, heard @77.2s (3/3 words)
[build-episode]     [PASS] audio@78.9s: 'the Wild Rescue rolls.' expected @78.9s, heard @79.2s (3/3 words)
[build-episode]     [PASS] audio@81.1s: 'Can I get a hat like this?' expected @81.1s, heard @81.2s (2/2 words)
[build-episode]     
[build-episode]     FAIL — 4 defect(s)
[build-episode]     report: /Users/dtribe/Desktop/PROJECTS/story-forge/projects/circus_train/EPISODE_v1_qc.md
[build-episode]   film_qc found DEFECTS — read the report before showing anyone
[build-episode] ASSEMBLED (NOT VERIFIED) in 4.6 min → /Users/dtribe/Desktop/PROJECTS/story-forge/projects/circus_train/EPISODE_v1.mp4
[build-episode]   QC: DEFECTS — read the _qc.md report
[build-episode]   This film has NOT passed QC. Do not publish or call it done.
[build-episode] NOT INCLUDED (assets missing): s4b_trainwide, t3_giraffe, s6_heave_animated, s7_dooropen, r4_parrots_sky, r5_crowd_wide, c2_ellie_trumpet, s8_goodbye
[build-episode] cut queued to Matt's review tab (auto)
