[22:42:37] attempt 1/40: t2i seed=5000 strength=None
[22:43:18]   gate dog: ok — YES. The dog in the image is a tall, lanky bloodhound-type breed with very long, heavy, da
[22:43:21]   gate bear: ok — YES. The bear in the image has a round head with small, rounded ears, a light tan muzzle, 
[22:43:31]   gate anatomy: FAIL — FAIL  The image contains several anatomical and structural errors:  1. **Bear**: The bear 
[22:43:31] attempt 2/40: weld seed=5001 strength=0.25
[22:44:19]   gate dog: FAIL — NO.  The dog in the image is not a tall, lanky bloodhound with very long, heavy dark-brown
[22:44:19] attempt 3/40: weld seed=5002 strength=0.3
[22:45:08]   gate dog: FAIL — NO.  The dog in the image is not a tall, lanky bloodhound with very long, heavy dark-brown
[22:45:08] attempt 4/40: t2i seed=5010 strength=None
[22:46:05]   gate dog: ok — YES. The dog in the image is a tall, lanky bloodhound-type dog with very long, heavy, dark
[22:46:09]   gate bear: ok — YES. The bear in the image has a round head with small, rounded ears, a light tan muzzle, 
[22:46:20]   gate anatomy: FAIL — **FAIL**  **Reasons:**  1. **Bear’s Anatomy**: The bear is sitting upright in the wagon, h
[22:46:20] attempt 5/40: weld seed=5011 strength=0.25
[22:47:07]   gate dog: FAIL — NO.  The dog in the image is not a tall, lanky bloodhound with very long, heavy dark-brown
[22:47:07] attempt 6/40: weld seed=5012 strength=0.3
[22:47:30] attempt 1/40: t2i seed=6000 strength=None
[22:48:24]   gate dog: ok — YES. The dog in the image is a tall, lanky bloodhound-type breed with very long, heavy, da
[22:48:28]   gate bear: ok — YES. The bear in the image has a round head with small, rounded ears, a light tan muzzle, 
[22:48:38]   gate anatomy: FAIL — **FAIL**  **Reasons:**  1. **Bear (in wagon):**      - The bear is seated in the wagon, bu
[22:48:38] attempt 2/40: t2i seed=6003 strength=None
[22:49:32]   gate dog: ok — YES. The dog in the image is a tall, lanky bloodhound-type breed with very long, heavy, da
[22:49:36]   gate bear: ok — YES. The bear in the image has a round head with small, rounded ears, a light tan muzzle, 
[22:49:46]   gate anatomy: FAIL — FAIL  The image contains several anatomical and structural errors:  1. **Bear**: The bear 
[22:49:46] attempt 3/40: t2i seed=6006 strength=None
[22:50:37]   gate dog: ok — YES. The dog in the image is a tall, lanky bloodhound-type breed with very long, heavy, da
[22:50:41]   gate bear: ok — YES. The bear in the image has a round head with small, rounded ears, a light tan muzzle, 
[22:50:51]   gate anatomy: FAIL — FAIL  Anatomical Errors in Animals:  1. **Bear**: The bear is seated in the wagon and appe
[22:50:51] attempt 4/40: t2i seed=6009 strength=None
[22:51:43]   gate dog: ok — YES. The dog in the image is a tall, lanky bloodhound with very long, heavy, dark-brown fl
[22:51:46]   gate bear: ok — YES. The bear in the image has a round head with small, rounded ears, a light tan muzzle, 
[22:51:57]   gate anatomy: FAIL — FAIL  The image contains several anatomical and structural errors:  1. **Bear**: The bear 
[22:51:57] attempt 5/40: t2i seed=6012 strength=None
[22:52:49]   gate dog: ok — YES. The dog in the image is a tall, lanky bloodhound-type dog with very long, heavy, dark
[22:52:53]   gate bear: ok — YES. The bear in the image has a round head with small, rounded ears, a light tan muzzle, 
[22:53:03]   gate anatomy: FAIL — **FAIL**  **Reasons:**  1. **Bear (in wagon):**      - The bear is seated upright in the w
[22:53:03] attempt 6/40: t2i seed=6015 strength=None
[22:53:56]   gate dog: ok — YES. The dog in the image is a tall, lanky bloodhound with very long, heavy, dark-brown fl
[22:53:59]   gate bear: ok — YES. The bear in the image has a round head with small, rounded ears, a light tan muzzle, 
[22:54:09]   gate anatomy: FAIL — FAIL  Anatomical Errors in Animals:  1. **Bear**: The bear is seated upright on the wagon,
[22:54:09] attempt 7/40: t2i seed=6018 strength=None
[22:54:59]   gate dog: ok — YES. The dog in the image is a tall, lanky bloodhound-type breed with very long, heavy, da
[22:55:03]   gate bear: ok — YES. The bear in the image has a round head with small, rounded ears, a light tan muzzle, 
[22:55:13]   gate anatomy: FAIL — **FAIL**  **Reasons:**  1. **Bear’s Anatomy**: The bear is sitting upright in the wagon, b
[22:55:13] attempt 8/40: t2i seed=6021 strength=None
[22:56:05]   gate dog: ok — YES. The dog in the image is a tall, lanky bloodhound-type breed with very long, heavy, da
[22:56:08]   gate bear: ok — YES. The bear in the image has a round head with small, rounded ears, a light tan muzzle, 
[22:56:19]   gate anatomy: FAIL — FAIL  The image contains several anatomical and structural errors:  1. **Bear**: The bear 
[22:56:19] attempt 9/40: t2i seed=6024 strength=None
[22:57:00] attempt 1/40: t2i seed=6000 strength=None
[22:57:50]   gate dog: ok — YES. The dog in the image is a tall, lanky bloodhound-type breed with very long, heavy, dark-brown floppy ears that hang down well past its jawline. It has pronounced droopy jowls, characteristic of the breed, and is not wearing a collar. Its build is lean and elongated, consistent with a lanky frame, and it sits upright in the wagon, looking forward with an alert yet gentle expression.
[22:57:53]   gate bear: ok — YES. The bear in the image has a round head with small, rounded ears, a light tan muzzle, and an overall gentle, round appearance typical of a friendly brown bear. It does not resemble a dog or appear deformed.
[22:58:03]   gate anatomy: FAIL — **FAIL**  **Reasons:**  1. **Bear (in wagon):**      - The bear is seated in the wagon, but its front paws are positioned in a way that suggests it is holding the reins. However, the bear’s arms appear to be **too short and misproportioned** for the task — the hands are placed near the front edge of the wagon, but the elbows are not visible, and the limbs seem to merge into the body without clear articulation. This creates a **warped limb structure** — the arms appear to be fused or improperly s
[22:58:04] attempt 2/40: t2i seed=6003 strength=None
[22:58:52]   gate dog: ok — YES. The dog in the image is a tall, lanky bloodhound-type breed with very long, heavy, dark-brown floppy ears that hang down past its jawline. It has pronounced droopy jowls, characteristic of the breed, and is not wearing a collar. Its build is slender and elongated, consistent with a lanky frame, and it sits upright in the wagon, looking forward with an alert yet gentle expression.
[22:58:55]   gate bear: ok — YES. The bear in the image has a round head with small, rounded ears, a light tan muzzle, and an overall gentle, round appearance typical of a friendly brown bear. It does not resemble a dog or appear deformed.
[22:59:05] re-judging kept fail s2_try_t2i_6000.png
[22:59:12]   gate dog: ok — YES. The dog in the image is a tall, lanky bloodhound-type breed with very long, heavy, dark-brown floppy ears that hang down well past its jawline. It has pronounced droopy jowls, characteristic of the breed, and is not wearing a collar. Its build is lean and elongated, consistent with a lanky frame, and it sits upright in the wagon, looking forward with an alert yet gentle expression.
[22:59:15]   gate bear: ok — YES. The bear in the image has a round head with small, rounded ears, a light tan muzzle, and an overall gentle, round appearance typical of a friendly brown bear. It does not resemble a dog or appear deformed.
[22:59:25]   gate anatomy: ok — PASS  The image depicts a stylized, Pixar-like cartoon scene featuring a bear and a dog riding in a wooden wagon pulled by a horse, set in a sun-dappled forest. The characters exhibit the intended design traits: round bodies, stubby limbs, oversized heads, and simplified anatomy — all consistent with the requested style. There are no clear generation errors:  - No extra or missing limbs. - No extra heads or eyes. - The bear and dog are distinct, not merged into one body. - Faces are not melted o
[22:59:33]   gate natural: ok — PASS  The scene exhibits a high degree of visual coherence and realism consistent with a naturally rendered animation frame. The lighting is warm and directional, suggesting a golden-hour sun filtering through the forest canopy, which casts soft, believable shadows and highlights on the characters and environment. The bear and dog are seated in a wooden wagon with proper perspective and contact with the wagon’s interior — no floating or misaligned elements. The horse pulling the wagon is in moti
[22:59:33]   *** PASSED on re-judge
[22:59:33] attempt 1/40: t2i seed=6000 strength=None
[23:00:19]   gate dog: ok — YES. The dog in the image is a tall, lanky bloodhound-type breed with very long, heavy, dark-brown floppy ears that hang down well past its jawline. It has pronounced droopy jowls, characteristic of the breed, and is not wearing a collar. Its build is lean and elongated, consistent with a lanky frame, and it sits upright in the wagon, looking forward with an alert yet gentle expression.
[23:00:22]   gate bear: ok — YES. The bear in the image has a round head with small, rounded ears, a light tan muzzle, and an overall gentle, round appearance typical of a friendly brown bear. It does not resemble a dog or appear deformed.
[23:00:32]   gate anatomy: ok — PASS  The image depicts a stylized, Pixar-like cartoon scene featuring a bear and a dog riding in a wooden wagon pulled by a horse, set in a sun-dappled forest. The characters exhibit the intended design traits: round bodies, stubby limbs, oversized heads, and simplified anatomy — all consistent with the requested style. There are no clear generation errors:  - No extra or missing limbs. - No extra heads or eyes. - The bear and dog are distinct, not merged into one body. - Faces are not melted o
[23:00:40]   gate natural: ok — PASS  The scene exhibits a high degree of visual coherence and realism consistent with a naturally rendered animation frame. The lighting is warm and directional, suggesting a golden-hour sun filtering through the forest canopy, which casts soft, believable shadows and highlights on the characters and environment. The bear and dog are seated in a wooden wagon with proper perspective and contact with the wagon’s interior — no floating or misaligned elements. The horse pulling the wagon is in moti
[23:00:40]   *** PASSED ALL GATES -> s2_PASS_02_t2i_6000.png
[23:00:40] attempt 2/40: t2i seed=6003 strength=None
[23:01:28]   gate dog: ok — YES. The dog in the image is a tall, lanky bloodhound-type breed with very long, heavy, dark-brown floppy ears that hang down past its jawline. It has pronounced droopy jowls, characteristic of the breed, and is not wearing a collar. Its build is slender and elongated, consistent with a lanky frame, and it sits upright in the wagon, looking forward with an alert yet gentle expression.
[23:01:32]   gate bear: ok — YES. The bear in the image has a round head with small, rounded ears, a light tan muzzle, and an overall gentle, round appearance typical of a friendly brown bear. It does not resemble a dog or appear deformed.
[23:01:40]   gate anatomy: ok — PASS  The image depicts a stylized, Pixar-esque cartoon scene featuring a horse pulling a wooden wagon through a sun-dappled forest. In the wagon are a bear and a dog, both rendered with exaggerated, rounded forms, oversized heads, and simplified anatomy — consistent with the requested style. The horse is correctly proportioned with four legs, a tail, and a head, pulling the wagon via reins. The wagon has two visible wheels (no extra or missing wheels), and the bear and dog are distinct, separat
[23:01:51]   gate natural: ok — PASS  The scene exhibits a high degree of visual coherence and realism consistent with a naturally rendered animation frame. The lighting is warm and directional, suggesting a sunrise or sunset, with soft, diffused light filtering through the trees — creating realistic dappled shadows and a golden glow that enhances depth and atmosphere. The motion blur on the horse’s legs and the dust trail behind the wagon suggest forward movement, adding dynamism without breaking physical plausibility.  The c
[23:01:51]   *** PASSED ALL GATES -> s2_PASS_03_t2i_6003.png
[23:01:51] attempt 3/40: t2i seed=6006 strength=None
[23:03:43] attempt 1/40: t2i seed=6000 strength=None
[23:04:26]   gate dog(vs canon): FAIL — NO.  While the dog in the RIGHT image shares some general features with Doug the bloodhound — such as the orange-tan coat and lanky build — the **ear shape and texture are not identical** to the offic
[23:04:26] attempt 2/40: t2i seed=6003 strength=None
[23:05:10]   gate dog(vs canon): FAIL — NO.  While the dog in the RIGHT image shares some general features with Doug the bloodhound — such as the orange-tan coat and lanky build — there are critical deviations, especially regarding the **ea
[23:05:10] attempt 3/40: t2i seed=6006 strength=None
[23:05:37] re-judging kept fail s2_try_t2i_6000.png
[23:05:49]   gate dog(vs canon): FAIL — NO.  While the dog in the RIGHT image shares some general features with Doug the bloodhound — such as the orange-tan coat and lanky build — the **ear shape and texture are not identical** to the offic
[23:05:49] re-judging kept fail s2_try_t2i_6003.png
[23:05:58]   gate dog(vs canon): FAIL — NO.  While the dog in the RIGHT image shares some general features with Doug the bloodhound — such as the orange-tan coat and lanky build — there are critical deviations, especially regarding the **ea
[23:05:58] attempt 1/40: t2i seed=7000 strength=None
[23:06:57]   gate dog(vs canon): FAIL — NO.  While the dog in the right image shares some general features with Doug the bloodhound — such as the orange-tan coat and lanky build — there are critical discrepancies, especially regarding the *
[23:06:57] attempt 2/40: t2i seed=7003 strength=None
[23:07:50]   gate dog(vs canon): FAIL — NO.  While the dog in the RIGHT image shares some general traits with Doug the bloodhound — such as the orange-tan coat and lanky build — there are critical deviations, especially regarding the **ears
[23:07:50] attempt 3/40: t2i seed=7006 strength=None
[23:08:45]   gate dog(vs canon): FAIL — NO.  While the dog in the RIGHT image shares some general features with Doug the bloodhound — such as the orange-tan coat and lanky build — there are critical deviations, especially in the **ear shape
[23:08:45] attempt 4/40: t2i seed=7009 strength=None
[23:09:39]   gate dog(vs canon): FAIL — NO.  While the dog in the RIGHT image shares some visual similarities with Doug the bloodhound (such as the general color palette and lanky build), it does **not** match the official design in critica
[23:09:39] attempt 5/40: t2i seed=7012 strength=None
[23:10:31]   gate dog(vs canon): FAIL — NO.  While the dog in the RIGHT image shares some visual similarities with Doug the bloodhound (orange-tan coat, lanky build, general facial structure), it **fails the strict criteria** for being draw
[23:10:31] attempt 6/40: t2i seed=7015 strength=None
[23:11:19]   gate dog(vs canon): FAIL — NO.  While the dog in the RIGHT image shares some general features with Doug the bloodhound — such as the orange-tan coat and lanky build — there are critical deviations, especially regarding the **ea
[23:11:19] attempt 7/40: t2i seed=7018 strength=None
[23:12:05]   gate dog(vs canon): FAIL — NO.  While the dog in the RIGHT image shares some general features with Doug the bloodhound — such as the long, droopy ears, orange-tan coat, and lanky build — there are critical deviations when apply
[23:12:05] attempt 8/40: t2i seed=7021 strength=None
[23:12:51]   gate dog(vs canon): FAIL — NO.  While the dog in the RIGHT image shares some general traits with Doug the bloodhound — such as the orange-tan coat and lanky build — the **ear shape and texture are not identical** to the officia
[23:12:51] attempt 9/40: t2i seed=7024 strength=None
[23:13:37]   gate dog(vs canon): FAIL — NO.  The dog in the RIGHT image does **not** match the official character design of Doug the bloodhound in several critical ways, especially regarding **ear shape and texture**.  - **Ear Shape & Textu
[23:13:37] attempt 10/40: t2i seed=7027 strength=None
[23:14:24]   gate dog(vs canon): FAIL — NO.  While the dog in the RIGHT image shares some visual similarities with Doug the bloodhound — such as the general orange-tan coat color and lanky build — there are critical deviations when applying
[23:14:24] attempt 11/40: t2i seed=7030 strength=None
[23:15:11]   gate dog(vs canon): FAIL — NO.  While the dog in the RIGHT image shares some general features with Doug the bloodhound — such as the orange-tan coat and lanky build — there are critical deviations, especially regarding the **ea
[23:15:11] attempt 12/40: t2i seed=7033 strength=None
[23:15:58]   gate dog(vs canon): FAIL — NO.  While the dog in the RIGHT image shares some superficial similarities with Doug the bloodhound (such as the general color palette and breed type), it does **not** match the official character des
[23:15:58] attempt 13/40: t2i seed=7036 strength=None
[23:16:45]   gate dog(vs canon): FAIL — NO.  While the dog in the RIGHT image shares some visual similarities with Doug the bloodhound (such as the general color palette and breed type), it does **not** match the official design in critical
[23:16:45] attempt 14/40: t2i seed=7039 strength=None
[23:17:32]   gate dog(vs canon): FAIL — NO.  While the dog in the RIGHT image shares some visual similarities with Doug the bloodhound (such as the general color palette and lanky build), it **fails the strict criteria** for being drawn on-
[23:17:32] attempt 15/40: t2i seed=7042 strength=None
[23:18:18]   gate dog(vs canon): FAIL — NO.  While the dog in the RIGHT image shares some general traits with Doug the bloodhound — such as the orange-tan coat and lanky build — it **fails the strict criteria** for being drawn on-model, par
[23:18:18] attempt 16/40: t2i seed=7045 strength=None
[23:19:05]   gate dog(vs canon): FAIL — NO.  While the dog in the RIGHT image shares some superficial similarities with Doug the bloodhound (such as being a long-bodied, floppy-eared dog in a forest setting), it does **not** match the offic
[23:19:05] attempt 17/40: t2i seed=7048 strength=None
[23:19:51]   gate dog(vs canon): FAIL — NO.  The dog in the RIGHT image does **not** match the official character design of Doug the bloodhound in several critical, strict criteria:  - **Ear Shape & Texture**: The ears in the RIGHT image ar
[23:19:51] attempt 18/40: t2i seed=7051 strength=None
[23:20:37]   gate dog(vs canon): FAIL — NO.  While the dog in the RIGHT image shares some superficial similarities with Doug the bloodhound (such as being a long-eared dog in a forest setting), it does **not** match the official character d
[23:20:37] attempt 19/40: t2i seed=7054 strength=None
[23:21:24]   gate dog(vs canon): FAIL — NO.  While the dog in the RIGHT image shares some visual similarities with Doug the bloodhound (such as the general color palette and lanky build), it does **not** match the official design in critica
[23:21:24] attempt 20/40: t2i seed=7057 strength=None
[23:22:11]   gate dog(vs canon): FAIL — NO.  While the dog in the RIGHT image shares some general features with Doug the bloodhound — such as the orange-tan coat, lanky build, and overall facial structure — there are critical discrepancies 
[23:22:11] attempt 21/40: t2i seed=7060 strength=None
[23:22:58]   gate dog(vs canon): FAIL — NO.  While the dog in the right image shares some superficial similarities with Doug the bloodhound (such as the general color palette and breed type), it does **not** match the official character des
[23:22:58] attempt 22/40: t2i seed=7063 strength=None
[23:23:44]   gate dog(vs canon): FAIL — NO.  While the dog in the RIGHT image shares some general features with Doug the bloodhound — such as the orange-tan coat and lanky build — there are critical deviations, especially regarding the **ea
[23:23:44] attempt 23/40: t2i seed=7066 strength=None
[23:24:30]   gate dog(vs canon): FAIL — NO.  While the dog in the RIGHT image shares some general features with Doug the bloodhound — such as the orange-tan coat and lanky build — there are critical deviations, especially regarding the **ea
[23:24:30] attempt 24/40: t2i seed=7069 strength=None
[23:25:16]   gate dog(vs canon): FAIL — NO.  While the dog in the RIGHT image shares some superficial similarities with Doug the bloodhound (orange-tan coat, lanky build, long ears), it **fails the strict criteria** for being drawn on-model
[23:25:16] attempt 25/40: t2i seed=7072 strength=None
[23:26:02]   gate dog(vs canon): FAIL — NO.  While the dog in the RIGHT image shares some visual similarities with Doug the bloodhound (orange-tan coat, lanky build, general facial structure), it **fails the strict criteria** for being draw
[23:26:02] attempt 26/40: t2i seed=7075 strength=None
[23:26:48]   gate dog(vs canon): FAIL — NO.  While the dog in the RIGHT image shares some general features with Doug the bloodhound — such as the orange-tan coat and lanky build — there are critical deviations, especially in the **ear shape
[23:26:48] attempt 27/40: t2i seed=7078 strength=None
[23:27:34]   gate dog(vs canon): FAIL — NO.  While the dog in the RIGHT image shares some general traits with Doug the bloodhound — such as the orange-tan coat and lanky build — there are critical discrepancies when applying strict on-model
[23:27:34] attempt 28/40: t2i seed=7081 strength=None
[23:28:20]   gate dog(vs canon): FAIL — NO.  While the dog in the RIGHT image shares some general features with Doug the bloodhound — such as the orange-tan coat and lanky build — there are critical deviations, especially regarding the **ea
[23:28:20] attempt 29/40: t2i seed=7084 strength=None
[23:29:06]   gate dog(vs canon): FAIL — NO.  The dog in the RIGHT image does **not** match the official character design of Doug the bloodhound in several critical, strict criteria:  - **Ear Shape & Texture**: The ears in the RIGHT image ar
[23:29:06] attempt 30/40: t2i seed=7087 strength=None
[23:29:52]   gate dog(vs canon): FAIL — NO.  While the dog in the RIGHT image shares some general features with the OFFICIAL CHARACTER (Doug the bloodhound) — such as the orange-tan coat, lanky build, and overall facial structure — there ar
[23:29:52] attempt 31/40: t2i seed=7090 strength=None
[23:30:38]   gate dog(vs canon): FAIL — NO.  While the dog in the RIGHT image shares some general features with Doug the bloodhound — such as the orange-tan coat, lanky build, and overall facial structure — there are critical deviations, es
[23:30:38] attempt 32/40: t2i seed=7093 strength=None
[23:31:24]   gate dog(vs canon): FAIL — NO.  The dog in the RIGHT image does **not** match the official character design of Doug the bloodhound in several critical aspects, especially regarding **ear shape and texture**.  - **Ear Shape & Te
[23:31:24] attempt 33/40: t2i seed=7096 strength=None
[23:32:09]   gate dog(vs canon): FAIL — NO.  The dog in the RIGHT image does **not** match the official character design of Doug the bloodhound in several critical, strict criteria:  - **Ear Shape & Texture**: The ears in the RIGHT image ar
[23:32:09] attempt 34/40: t2i seed=7099 strength=None
[23:32:54]   gate dog(vs canon): FAIL — NO.  While the dog in the RIGHT image shares some superficial similarities with Doug the bloodhound (orange-tan coat, lanky build, long ears), it does **not** match the official character design **on-
[23:32:54] attempt 35/40: t2i seed=7102 strength=None
[23:33:40]   gate dog(vs canon): FAIL — NO.  The dog in the RIGHT image does **not** match the official character Doug the bloodhound on-model. While it shares some superficial similarities (orange-tan coat, lanky build, dark ears), the **e
[23:33:40] attempt 36/40: t2i seed=7105 strength=None
[23:34:25]   gate dog(vs canon): FAIL — NO.  While the dog in the RIGHT image shares some visual similarities with Doug the bloodhound (such as the general color palette and lanky build), it **fails the strict criteria** for being drawn on-
[23:34:25] attempt 37/40: t2i seed=7108 strength=None
[23:35:10]   gate dog(vs canon): FAIL — NO.  While the dog in the RIGHT image shares some general features with Doug the bloodhound — such as the long, droopy ears, orange-tan coat, and lanky build — there are critical deviations when apply
[23:35:10] attempt 38/40: t2i seed=7111 strength=None
[23:35:56]   gate dog(vs canon): FAIL — NO.  While the dog in the RIGHT image shares some general features with Doug the bloodhound — such as the long, droopy ears, orange-tan coat, and lanky build — there are critical deviations when apply
[23:35:56] attempt 39/40: t2i seed=7114 strength=None
[23:36:41]   gate dog(vs canon): FAIL — NO.  While the dog in the RIGHT image shares some general features with Doug the bloodhound — such as the orange-tan coat and lanky build — there are critical deviations, especially in the **ear shape
[23:36:41] attempt 40/40: t2i seed=7117 strength=None
[23:37:27]   gate dog(vs canon): FAIL — NO.  While the dog in the RIGHT image shares some general traits with Doug the bloodhound — such as a similar orange-tan coat and lanky build — the **ear shape and texture are not identical** to the o
[23:37:27] DONE: 40 attempts, 0 passed
