Fetching 18 files:   0%|          | 0/18 [00:00<?, ?it/s]Fetching 18 files: 100%|██████████| 18/18 [00:00<00:00, 13484.10it/s]
[PASS] lipsync@9.2s: hank's mouth moving in 6/7 samples (86% of a 1.5s line; need 50%)
[PASS] lipsync@10.9s: doug's mouth moving in 7/7 samples (100% of a 1.5s line; need 50%)
[SKIP] lipsync@13.1s: bird is off-screen by design — audio-only line
[PASS] lipsync@17.6s: doug's mouth moving in 9/9 samples (100% of a 1.8s line; need 50%)
[PASS] lipsync@29.6s: hank's mouth moving in 3/5 samples (60% of a 1.2s line; need 50%)
[PASS] lipsync@30.9s: doug's mouth moving in 9/10 samples (90% of a 2.1s line; need 50%)
[SKIP] lipsync@34.2s: ellie is off-screen by design — audio-only line
[FAIL] lipsync@37.2s: doug's mouth moving in 0/7 samples (0% of a 1.6s line; need 50%)
[FAIL] lipsync@38.9s: doug's mouth moving in 0/14 samples (0% of a 2.9s line; need 50%)
[PASS] lipsync@41.9s: doug's mouth moving in 8/9 samples (89% of a 1.9s line; need 50%)
[FAIL] lipsync@55.8s: hank's mouth moving in 0/6 samples (0% of a 1.3s line; need 50%)
[PASS] lipsync@57.3s: doug's mouth moving in 9/9 samples (100% of a 1.9s line; need 50%)
[FAIL] lipsync@59.4s: doug's mouth moving in 0/8 samples (0% of a 1.8s line; need 50%)
[FAIL] lipsync@61.3s: hank's mouth moving in 0/6 samples (0% of a 1.2s line; need 50%)
[SKIP] lipsync@68.5s: bird is off-screen by design — audio-only line
[PASS] silence@16.6s: no. none of the characters are depicted with their mouths wide open; they are al
[PASS] silence@24.8s: no. all visible characters (hank and doug) have closed mouths; ellie is not visi
[PASS] silence@50.1s: no. none of the characters are depicted with their mouths wide open; all appear 
[PASS] silence@66.2s: no. doug’s mouth is slightly open, showing teeth, but not wide open as if talkin
Prefill:   0%|          | 0/4147 [00:00<?, ?tok/s]Prefill:  49%|████▉     | 2048/4147 [00:03<00:03, 680.84tok/s]Prefill:  99%|█████████▉| 4096/4147 [00:05<00:00, 684.89tok/s]Prefill: 100%|█████████▉| 4146/4147 [00:06<00:00, 671.79tok/s]
[FAIL] identity-across-scenes: Let’s analyze each character across the 9 scenes shown in the image grid.

---

### **Hank (the bear)**

- **Top row, left tile**: Sitting by a river, fishing, with a cart. Brown fur, cream muzzle, ro
[PASS] artifact@0.5s: clean
[PASS] artifact@1.5s: clean
[PASS] artifact@2.5s: clean
[PASS] artifact@3.5s: clean
[PASS] artifact@4.5s: clean
[PASS] artifact@5.5s: clean
[PASS] artifact@6.5s: clean
[PASS] artifact@7.5s: clean
[PASS] artifact@8.5s: clean
[PASS] artifact@9.5s: clean
[PASS] artifact@10.5s: clean
[PASS] artifact@11.5s: clean
[PASS] artifact@12.5s: clean
[PASS] artifact@13.5s: clean
[PASS] artifact@14.5s: clean
[PASS] artifact@15.5s: clean
[PASS] artifact@16.5s: clean
[PASS] artifact@17.5s: clean
[PASS] artifact@18.5s: clean
[PASS] artifact@19.5s: clean
[PASS] artifact@20.5s: clean
[PASS] artifact@21.5s: clean
[PASS] artifact@22.5s: clean
[PASS] artifact@23.5s: clean
[PASS] artifact@24.5s: clean
[PASS] artifact@25.5s: clean
[PASS] artifact@26.5s: clean
[PASS] artifact@27.5s: clean
[PASS] artifact@28.5s: clean
[PASS] artifact@29.5s: clean
[PASS] artifact@30.5s: clean
[PASS] artifact@31.5s: clean
[PASS] artifact@32.5s: clean
[PASS] artifact@33.5s: clean
[PASS] artifact@34.5s: clean
[PASS] artifact@35.5s: clean
[PASS] artifact@36.5s: clean
[PASS] artifact@37.5s: clean
[PASS] artifact@38.5s: clean
[PASS] artifact@39.5s: clean
[PASS] artifact@40.5s: clean
[PASS] artifact@41.5s: clean
[PASS] artifact@42.5s: clean
[PASS] artifact@43.5s: clean
[PASS] artifact@44.5s: clean
[PASS] artifact@45.5s: clean
[PASS] artifact@46.5s: clean
[PASS] artifact@47.5s: clean
[PASS] artifact@48.5s: clean
[PASS] artifact@49.5s: clean
[PASS] artifact@50.5s: clean
[PASS] artifact@51.5s: clean
[PASS] artifact@52.5s: clean
[PASS] artifact@53.5s: clean
[PASS] artifact@54.5s: clean
[PASS] artifact@55.5s: clean
[PASS] artifact@56.5s: clean
[PASS] artifact@57.5s: clean
[PASS] artifact@58.5s: clean
[PASS] artifact@59.5s: clean
[PASS] artifact@60.5s: clean
[PASS] artifact@61.5s: clean
[PASS] artifact@62.5s: clean
[PASS] artifact@63.5s: clean
[PASS] artifact@64.5s: clean
[PASS] artifact@65.5s: clean
[PASS] artifact@66.5s: clean
[PASS] artifact@67.5s: clean
[PASS] artifact@68.5s: clean
[PASS] artifact@69.5s: clean
[PASS] artifact@70.5s: clean
[PASS] artifact@71.5s: clean
[PASS] artifact@72.5s: clean
[PASS] artifact@73.5s: clean
[PASS] artifact@74.5s: clean
[PASS] artifact@75.5s: clean
[PASS] artifact@76.5s: clean
[PASS] artifact@77.5s: clean
[PASS] artifact@78.5s: clean
[PASS] artifact@79.5s: clean
[PASS] artifact@80.5s: clean
[PASS] artifact@81.5s: clean
[PASS] artifact@82.5s: clean
[PASS] artifact@83.5s: clean
[PASS] artifact@84.5s: clean
[PASS] artifact@85.5s: clean
[PASS] artifact@86.5s: clean
[PASS] artifact@87.5s: clean
[PASS] artifact@88.5s: clean
Fetching 4 files:   0%|          | 0/4 [00:00<?, ?it/s]Fetching 4 files: 100%|██████████| 4/4 [00:00<00:00, 8564.17it/s]
[PASS] audio@9.2s: 'Doug. The fish are winning aga' expected @9.2s, heard @9.0s
[PASS] audio@10.9s: 'That's cause they practice, Ha' expected @10.9s, heard @11.0s
[PASS] audio@13.1s: 'Help! The circus train broke d' expected @13.1s, heard @13.0s
[FAIL] audio@17.6s: 'Circus train? Hank, we're roll' expected @17.6s, heard @13.0s
[PASS] audio@29.6s: 'Whole train's cooking out here' expected @29.6s, heard @29.0s
[FAIL] audio@30.9s: 'Easy everybody! The Wild Rescu' expected @30.9s, heard @29.0s
[PASS] audio@34.2s: 'I can't, it's too heavy' expected @34.2s, heard @34.0s
[FAIL] audio@37.2s: 'Pin's jammed tight.' expected @37.2s, heard @42.0s
[FAIL] audio@38.9s: 'Ellie? It's Doug. One push, gi' expected @38.9s, heard @34.0s
[FAIL] audio@41.9s: 'Three, two, one, push!' expected @41.9s, heard @47.0s
[FAIL] audio@55.8s: 'Doors don't argue with bears.' expected @55.8s, heard @51.0s
[PASS] audio@57.3s: 'Turtle called dibs on the tank' expected @57.3s, heard @57.0s
[FAIL] audio@59.4s: 'Anybody, anywhere, any trouble' expected @59.4s, heard @65.0s
[FAIL] audio@61.3s: 'the Wild Rescue rolls.' expected @61.3s, heard @29.0s
[FAIL] audio@68.5s: 'Can I get a hat like this?' expected @68.5s, heard @74.0s

FAIL — 15 defect(s)
report: projects/circus_train/EPISODE_v1_qc.md
